"e1
"utf-32"
&
(0)
(DBCS)
(English)
(Int32)
(Int32,
(Server
(String)
(String,
(code
(for
(in
(one
)
);
*/
-
-or-
.NET
/*
//
1
1.0
1.1,
12000
2
2.0,
2008
2012
2012,
2014
3.0,
3.5
3.5,
4,
4.5
4.5,
4.5.1,
65001)
7,
8
8,
8.1
8.1,
9
=
ANSI
Academy
All
Also
Any
ArgumentException
Assembly:
Azure
BizSpark
Blogs
Bridges
C#C++F#VB
C#C++VB
Channel
Character
Check
Class
Client
Codeplex
Collapse
Community
Condition
Connect
Connection
Console.WriteLine(
Core
DecoderFallback)
Dev
Developer
Development
Did
Downloads
DreamSpark
EncoderFallback
EncoderFallback,
Encoding
Encoding.GetEncoding
Encoding.GetEncoding(
Examples
Exception
Exceptions
Expand
Export
Faculty
Follow
For
Forums
Framework
Get
GetEncoding
GetEncoding(
GetEncoding(String,
GetEncodings
Home
However,
If
Information
Interoperability
Itanium
Learning
Library
MSDN
Magazine
Main()
Method
Methods
Microsoft
More...
Name
Namespace
Namespace:
Namespaces
Network
Newsletter
No
Nokia
NoteNote
Office
Other
Otherwise,
Overload
Parameters
Phone
Platforms
Portable
Possible
Print
Privacy
Profile
Programs
R2
R2,
Rate
Reference
Remarks
Requirements.
Resources
Return
Returns
Role
SP1
SP2,
Samples
SamplesEncoding
See
Self
Server
Sign
Silverlight
States
Store
Student
Studio
Support
Supported
Syntax
System
System.String
System.Text
System.Text.EncoderFallback
System.Text.Encoding
System.Text;
System;
Technologies
Terms
The
These
This
To
Trademarks
True
Type:
UTF-16,
UTF-32
UTF-8
UTF32Encoding
Unicode,
United
Value
Version
Versions
Virtual
Vista
Visual
WebName
Windows
Yes
a
all
an
and
another
appears
application
application.
applications
appropriate
apps
are
as
associated
be
best-fit
by
cached
call
can
centers
changed
character
checks
class
classes
code
codepage.
column
computer,
computers,
consistent
constructor
constructors
cookies
corruption.
data
default
depends
derived
detection.
different
does
double-byte
e1
e1.Equals(
e2
e2?
enable
encoding
encoding,
encoding.
encodings.
equality.
equals
error
every
example
example,
fallback
find
following
for
get
gets
handler
handlers
helpful
helpful?
http://plus.google.com/111221966647232053570/
https://twitter.com/msdev
in
in:
indicated
instance
instances
instead
is
later;
leading
lets
list
listed
may
method
most
mscorlib
mscorlib.dll)
name
name),
name,
name.
natively
not
of
on
options
or
out
output.
overload.
page
page.
pages
pages,
pages.
platform
platform.
preferred
produces
property
provides
public
rated
relies
replacement
resources
results,
returned
returns
same
see
set
settings.
should
single
some
specific
specified
specify
startups)
static
string
subscriptions
such
support
supported
supported)
supported),
supports
table
that
the
their
this
to
tools
topic
topic.
two
type
underlying
use
used
used.
uses
ushttp://www.facebook.com/microsoftdeveloper
using
valid
valid.
value
values
versions
versions,
void
with
you
your
{
{0}",
}
Â©